
Processing NuScenes train samples:   0%|          | 0/404 [00:00<?, ?it/s]
Processing NuScenes train samples:   1%|          | 4/404 [00:00<00:15, 25.34it/s]
Processing NuScenes train samples:   2%|▏         | 7/404 [00:00<00:45,  8.80it/s]
Processing NuScenes train samples:   2%|▏         | 9/404 [00:01<00:57,  6.88it/s]
Processing NuScenes train samples:   2%|▏         | 10/404 [00:01<01:03,  6.23it/s]
Processing NuScenes train samples:   3%|▎         | 11/404 [00:01<01:09,  5.64it/s]
Processing NuScenes train samples:   3%|▎         | 12/404 [00:01<01:14,  5.23it/s]
Processing NuScenes train samples:   3%|▎         | 13/404 [00:02<01:19,  4.89it/s]
Processing NuScenes train samples:   3%|▎         | 14/404 [00:02<01:24,  4.61it/s]
Processing NuScenes train samples:   4%|▎         | 15/404 [00:02<01:28,  4.39it/s]
Processing NuScenes train samples:   4%|▍         | 16/404 [00:02<01:32,  4.20it/s]
Processing NuScenes train samples:   4%|▍         | 17/404 [00:03<01:35,  4.05it/s]
Processing NuScenes train samples:   4%|▍         | 18/404 [00:03<01:38,  3.92it/s]
Processing NuScenes train samples:   5%|▍         | 19/404 [00:03<01:41,  3.81it/s]
Processing NuScenes train samples:   5%|▍         | 20/404 [00:03<01:43,  3.70it/s]
Processing NuScenes train samples:   5%|▌         | 21/404 [00:04<01:45,  3.63it/s]
Processing NuScenes train samples:   5%|▌         | 22/404 [00:04<01:46,  3.57it/s]
Processing NuScenes train samples:   6%|▌         | 23/404 [00:04<01:47,  3.54it/s]
Processing NuScenes train samples:   6%|▌         | 24/404 [00:05<01:47,  3.53it/s]
Processing NuScenes train samples:   6%|▌         | 25/404 [00:05<01:46,  3.56it/s]
Processing NuScenes train samples:   6%|▋         | 26/404 [00:05<01:44,  3.63it/s]
Processing NuScenes train samples:   7%|▋         | 27/404 [00:05<01:41,  3.73it/s]
Processing NuScenes train samples:   7%|▋         | 28/404 [00:06<01:37,  3.84it/s]
Processing NuScenes train samples:   7%|▋         | 29/404 [00:06<01:34,  3.96it/s]
Processing NuScenes train samples:  31%|███       | 125/404 [00:06<00:02, 130.54it/s]
Processing NuScenes train samples:  35%|███▌      | 143/404 [00:08<00:07, 34.53it/s] 
Processing NuScenes train samples:  39%|███▊      | 156/404 [00:09<00:09, 26.41it/s]
Processing NuScenes train samples:  42%|████▏     | 169/404 [00:09<00:07, 31.13it/s]
Processing NuScenes train samples:  44%|████▍     | 179/404 [00:09<00:07, 32.10it/s]
Processing NuScenes train samples:  46%|████▋     | 187/404 [00:10<00:06, 32.09it/s]
Processing NuScenes train samples:  48%|████▊     | 194/404 [00:10<00:06, 33.39it/s]
Processing NuScenes train samples:  72%|███████▏  | 289/404 [00:10<00:00, 130.58it/s]
Processing NuScenes train samples:  79%|███████▉  | 320/404 [00:11<00:01, 69.78it/s] 
Processing NuScenes train samples:  85%|████████▍ | 343/404 [00:13<00:01, 34.41it/s]
Processing NuScenes train samples:  89%|████████▉ | 359/404 [00:14<00:01, 29.19it/s]
Processing NuScenes train samples:  92%|█████████▏| 371/404 [00:14<00:01, 31.93it/s]
Processing NuScenes train samples:  95%|█████████▍| 382/404 [00:15<00:00, 29.22it/s]
Processing NuScenes train samples:  97%|█████████▋| 390/404 [00:15<00:00, 27.88it/s]
Processing NuScenes train samples:  98%|█████████▊| 397/404 [00:15<00:00, 29.10it/s]
Processing NuScenes train samples: 100%|██████████| 404/404 [00:15<00:00, 25.96it/s]

Loading NuScenes v1.0-mini from /home/xzh5180/Research/vla-av/datasets/nuscenes_mini
======
Loading NuScenes tables for version v1.0-mini...
23 category,
8 attribute,
4 visibility,
911 instance,
12 sensor,
120 calibrated_sensor,
31206 ego_pose,
8 log,
10 scene,
404 sample,
31206 sample_data,
18538 sample_annotation,
4 map,
Done loading in 0.214 seconds.
======
Reverse indexing ...
Done reverse indexing in 0.0 seconds.
======
Processing train split...
Processed 164 samples, skipped 78 samples
Done! Preprocessed data saved to /home/xzh5180/Research/vla-av/datasets/autovla_nusc_preprocessed_train

